{"ts": "2026-06-15T11:37:48+00:00", "op": "write", "path": "C:\\Users\\rkhol\\AppData\\Local\\Temp\\pytest-of-rkhol\\pytest-5\\test_write_and_read_file0\\test.txt", "outcome": "ok", "detail": "29 bytes"}
{"ts": "2026-06-15T11:37:48+00:00", "op": "read", "path": "C:\\Users\\rkhol\\AppData\\Local\\Temp\\pytest-of-rkhol\\pytest-5\\test_write_and_read_file0\\test.txt", "outcome": "ok", "detail": "30 bytes"}
{"ts": "2026-06-15T11:37:48+00:00", "op": "read", "path": "C:\\Users\\rkhol\\AppData\\Local\\Temp\\pytest-of-rkhol\\pytest-5\\test_read_file_not_found0\\not_here.txt", "outcome": "not_found", "detail": "File 'C:\\Users\\rkhol\\AppData\\Local\\Temp\\pytest-of-rkhol\\pytest-5\\test_read_file_not_found0\\not_here.txt' does not exist."}
{"ts": "2026-06-15T11:37:48+00:00", "op": "read", "path": "C:\\Users\\rkhol\\AppData\\Local\\Temp\\pytest-of-rkhol\\pytest-5\\test_read_file_is_directory0", "outcome": "not_file", "detail": "'C:\\Users\\rkhol\\AppData\\Local\\Temp\\pytest-of-rkhol\\pytest-5\\test_read_file_is_directory0' is a directory, not a file."}
{"ts": "2026-06-15T11:37:48+00:00", "op": "write", "path": "C:\\Users\\rkhol\\AppData\\Local\\Temp\\pytest-of-rkhol\\pytest-5\\test_write_file_creates_direct0\\new_dir\\another_dir\\nested.txt", "outcome": "ok", "detail": "37 bytes"}
{"ts": "2026-06-15T11:54:56+00:00", "op": "write", "path": "C:\\Users\\rkhol\\AppData\\Local\\Temp\\pytest-of-rkhol\\pytest-6\\test_write_and_read_file0\\test.txt", "outcome": "ok", "detail": "29 bytes"}
{"ts": "2026-06-15T11:54:56+00:00", "op": "read", "path": "C:\\Users\\rkhol\\AppData\\Local\\Temp\\pytest-of-rkhol\\pytest-6\\test_write_and_read_file0\\test.txt", "outcome": "ok", "detail": "30 bytes"}
{"ts": "2026-06-15T11:54:56+00:00", "op": "read", "path": "C:\\Users\\rkhol\\AppData\\Local\\Temp\\pytest-of-rkhol\\pytest-6\\test_read_file_not_found0\\not_here.txt", "outcome": "not_found", "detail": "File 'C:\\Users\\rkhol\\AppData\\Local\\Temp\\pytest-of-rkhol\\pytest-6\\test_read_file_not_found0\\not_here.txt' does not exist."}
{"ts": "2026-06-15T11:54:56+00:00", "op": "read", "path": "C:\\Users\\rkhol\\AppData\\Local\\Temp\\pytest-of-rkhol\\pytest-6\\test_read_file_is_directory0", "outcome": "not_file", "detail": "'C:\\Users\\rkhol\\AppData\\Local\\Temp\\pytest-of-rkhol\\pytest-6\\test_read_file_is_directory0' is a directory, not a file."}
{"ts": "2026-06-15T11:54:56+00:00", "op": "write", "path": "C:\\Users\\rkhol\\AppData\\Local\\Temp\\pytest-of-rkhol\\pytest-6\\test_write_file_creates_direct0\\new_dir\\another_dir\\nested.txt", "outcome": "ok", "detail": "37 bytes"}
{"ts": "2026-06-15T12:05:19+00:00", "op": "write", "path": "C:\\Users\\rkhol\\AppData\\Local\\Temp\\pytest-of-rkhol\\pytest-9\\test_write_and_read_file0\\test.txt", "outcome": "ok", "detail": "29 bytes"}
{"ts": "2026-06-15T12:05:19+00:00", "op": "read", "path": "C:\\Users\\rkhol\\AppData\\Local\\Temp\\pytest-of-rkhol\\pytest-9\\test_write_and_read_file0\\test.txt", "outcome": "ok", "detail": "30 bytes"}
{"ts": "2026-06-15T12:05:19+00:00", "op": "read", "path": "C:\\Users\\rkhol\\AppData\\Local\\Temp\\pytest-of-rkhol\\pytest-9\\test_read_file_not_found0\\not_here.txt", "outcome": "not_found", "detail": "File 'C:\\Users\\rkhol\\AppData\\Local\\Temp\\pytest-of-rkhol\\pytest-9\\test_read_file_not_found0\\not_here.txt' does not exist."}
{"ts": "2026-06-15T12:05:19+00:00", "op": "read", "path": "C:\\Users\\rkhol\\AppData\\Local\\Temp\\pytest-of-rkhol\\pytest-9\\test_read_file_is_directory0", "outcome": "not_file", "detail": "'C:\\Users\\rkhol\\AppData\\Local\\Temp\\pytest-of-rkhol\\pytest-9\\test_read_file_is_directory0' is a directory, not a file."}
{"ts": "2026-06-15T12:05:19+00:00", "op": "write", "path": "C:\\Users\\rkhol\\AppData\\Local\\Temp\\pytest-of-rkhol\\pytest-9\\test_write_file_creates_direct0\\new_dir\\another_dir\\nested.txt", "outcome": "ok", "detail": "37 bytes"}
{"ts": "2026-06-16T14:53:41+00:00", "op": "write", "path": "C:\\Users\\rkhol\\AppData\\Local\\Temp\\pytest-of-rkhol\\pytest-10\\test_write_and_read_file0\\test.txt", "outcome": "ok", "detail": "29 bytes"}
{"ts": "2026-06-16T14:53:41+00:00", "op": "read", "path": "C:\\Users\\rkhol\\AppData\\Local\\Temp\\pytest-of-rkhol\\pytest-10\\test_write_and_read_file0\\test.txt", "outcome": "ok", "detail": "30 bytes"}
{"ts": "2026-06-16T14:53:41+00:00", "op": "read", "path": "C:\\Users\\rkhol\\AppData\\Local\\Temp\\pytest-of-rkhol\\pytest-10\\test_read_file_not_found0\\not_here.txt", "outcome": "not_found", "detail": "File 'C:\\Users\\rkhol\\AppData\\Local\\Temp\\pytest-of-rkhol\\pytest-10\\test_read_file_not_found0\\not_here.txt' does not exist."}
{"ts": "2026-06-16T14:53:41+00:00", "op": "read", "path": "C:\\Users\\rkhol\\AppData\\Local\\Temp\\pytest-of-rkhol\\pytest-10\\test_read_file_is_directory0", "outcome": "not_file", "detail": "'C:\\Users\\rkhol\\AppData\\Local\\Temp\\pytest-of-rkhol\\pytest-10\\test_read_file_is_directory0' is a directory, not a file."}
{"ts": "2026-06-16T14:53:41+00:00", "op": "write", "path": "C:\\Users\\rkhol\\AppData\\Local\\Temp\\pytest-of-rkhol\\pytest-10\\test_write_file_creates_direct0\\new_dir\\another_dir\\nested.txt", "outcome": "ok", "detail": "37 bytes"}
{"ts": "2026-06-16T15:04:58+00:00", "op": "write", "path": "C:\\Users\\rkhol\\AppData\\Local\\Temp\\pytest-of-rkhol\\pytest-14\\test_write_and_read_file0\\test.txt", "outcome": "ok", "detail": "29 bytes"}
{"ts": "2026-06-16T15:04:58+00:00", "op": "read", "path": "C:\\Users\\rkhol\\AppData\\Local\\Temp\\pytest-of-rkhol\\pytest-14\\test_write_and_read_file0\\test.txt", "outcome": "ok", "detail": "30 bytes"}
{"ts": "2026-06-16T15:04:58+00:00", "op": "read", "path": "C:\\Users\\rkhol\\AppData\\Local\\Temp\\pytest-of-rkhol\\pytest-14\\test_read_file_not_found0\\not_here.txt", "outcome": "not_found", "detail": "File 'C:\\Users\\rkhol\\AppData\\Local\\Temp\\pytest-of-rkhol\\pytest-14\\test_read_file_not_found0\\not_here.txt' does not exist."}
{"ts": "2026-06-16T15:04:58+00:00", "op": "read", "path": "C:\\Users\\rkhol\\AppData\\Local\\Temp\\pytest-of-rkhol\\pytest-14\\test_read_file_is_directory0", "outcome": "not_file", "detail": "'C:\\Users\\rkhol\\AppData\\Local\\Temp\\pytest-of-rkhol\\pytest-14\\test_read_file_is_directory0' is a directory, not a file."}
{"ts": "2026-06-16T15:04:58+00:00", "op": "write", "path": "C:\\Users\\rkhol\\AppData\\Local\\Temp\\pytest-of-rkhol\\pytest-14\\test_write_file_creates_direct0\\new_dir\\another_dir\\nested.txt", "outcome": "ok", "detail": "37 bytes"}
{"ts": "2026-06-16T15:12:39+00:00", "op": "write", "path": "C:\\Users\\rkhol\\AppData\\Local\\Temp\\pytest-of-rkhol\\pytest-15\\test_write_and_read_file0\\test.txt", "outcome": "ok", "detail": "29 bytes"}
{"ts": "2026-06-16T15:12:39+00:00", "op": "read", "path": "C:\\Users\\rkhol\\AppData\\Local\\Temp\\pytest-of-rkhol\\pytest-15\\test_write_and_read_file0\\test.txt", "outcome": "ok", "detail": "30 bytes"}
{"ts": "2026-06-16T15:12:39+00:00", "op": "read", "path": "C:\\Users\\rkhol\\AppData\\Local\\Temp\\pytest-of-rkhol\\pytest-15\\test_read_file_not_found0\\not_here.txt", "outcome": "not_found", "detail": "File 'C:\\Users\\rkhol\\AppData\\Local\\Temp\\pytest-of-rkhol\\pytest-15\\test_read_file_not_found0\\not_here.txt' does not exist."}
{"ts": "2026-06-16T15:12:39+00:00", "op": "read", "path": "C:\\Users\\rkhol\\AppData\\Local\\Temp\\pytest-of-rkhol\\pytest-15\\test_read_file_is_directory0", "outcome": "not_file", "detail": "'C:\\Users\\rkhol\\AppData\\Local\\Temp\\pytest-of-rkhol\\pytest-15\\test_read_file_is_directory0' is a directory, not a file."}
{"ts": "2026-06-16T15:12:39+00:00", "op": "write", "path": "C:\\Users\\rkhol\\AppData\\Local\\Temp\\pytest-of-rkhol\\pytest-15\\test_write_file_creates_direct0\\new_dir\\another_dir\\nested.txt", "outcome": "ok", "detail": "37 bytes"}
{"ts": "2026-06-16T15:17:24+00:00", "op": "write", "path": "C:\\Users\\rkhol\\AppData\\Local\\Temp\\pytest-of-rkhol\\pytest-16\\test_write_and_read_file0\\test.txt", "outcome": "ok", "detail": "29 bytes"}
{"ts": "2026-06-16T15:17:24+00:00", "op": "read", "path": "C:\\Users\\rkhol\\AppData\\Local\\Temp\\pytest-of-rkhol\\pytest-16\\test_write_and_read_file0\\test.txt", "outcome": "ok", "detail": "30 bytes"}
{"ts": "2026-06-16T15:17:24+00:00", "op": "read", "path": "C:\\Users\\rkhol\\AppData\\Local\\Temp\\pytest-of-rkhol\\pytest-16\\test_read_file_not_found0\\not_here.txt", "outcome": "not_found", "detail": "File 'C:\\Users\\rkhol\\AppData\\Local\\Temp\\pytest-of-rkhol\\pytest-16\\test_read_file_not_found0\\not_here.txt' does not exist."}
{"ts": "2026-06-16T15:17:24+00:00", "op": "read", "path": "C:\\Users\\rkhol\\AppData\\Local\\Temp\\pytest-of-rkhol\\pytest-16\\test_read_file_is_directory0", "outcome": "not_file", "detail": "'C:\\Users\\rkhol\\AppData\\Local\\Temp\\pytest-of-rkhol\\pytest-16\\test_read_file_is_directory0' is a directory, not a file."}
{"ts": "2026-06-16T15:17:24+00:00", "op": "write", "path": "C:\\Users\\rkhol\\AppData\\Local\\Temp\\pytest-of-rkhol\\pytest-16\\test_write_file_creates_direct0\\new_dir\\another_dir\\nested.txt", "outcome": "ok", "detail": "37 bytes"}
{"ts": "2026-06-16T15:19:59+00:00", "op": "write", "path": "C:\\Users\\rkhol\\AppData\\Local\\Temp\\pytest-of-rkhol\\pytest-17\\test_write_and_read_file0\\test.txt", "outcome": "ok", "detail": "29 bytes"}
{"ts": "2026-06-16T15:19:59+00:00", "op": "read", "path": "C:\\Users\\rkhol\\AppData\\Local\\Temp\\pytest-of-rkhol\\pytest-17\\test_write_and_read_file0\\test.txt", "outcome": "ok", "detail": "30 bytes"}
{"ts": "2026-06-16T15:19:59+00:00", "op": "read", "path": "C:\\Users\\rkhol\\AppData\\Local\\Temp\\pytest-of-rkhol\\pytest-17\\test_read_file_not_found0\\not_here.txt", "outcome": "not_found", "detail": "File 'C:\\Users\\rkhol\\AppData\\Local\\Temp\\pytest-of-rkhol\\pytest-17\\test_read_file_not_found0\\not_here.txt' does not exist."}
{"ts": "2026-06-16T15:19:59+00:00", "op": "read", "path": "C:\\Users\\rkhol\\AppData\\Local\\Temp\\pytest-of-rkhol\\pytest-17\\test_read_file_is_directory0", "outcome": "not_file", "detail": "'C:\\Users\\rkhol\\AppData\\Local\\Temp\\pytest-of-rkhol\\pytest-17\\test_read_file_is_directory0' is a directory, not a file."}
{"ts": "2026-06-16T15:19:59+00:00", "op": "write", "path": "C:\\Users\\rkhol\\AppData\\Local\\Temp\\pytest-of-rkhol\\pytest-17\\test_write_file_creates_direct0\\new_dir\\another_dir\\nested.txt", "outcome": "ok", "detail": "37 bytes"}
